{"level":"info","message":"Calculator microservice running on http://localhost:3000","service":"calculator-microservice"}
{"level":"info","message":"Calculator microservice running on http://localhost:3000","service":"calculator-microservice"}
{"level":"info","message":"Calculator microservice running on http://localhost:3000","service":"calculator-microservice"}
{"level":"info","message":"Calculator microservice running on http://localhost:3000","service":"calculator-microservice"}
{"level":"info","message":"Calculator microservice running on http://localhost:3000","service":"calculator-microservice"}
{"level":"info","message":"ADD: 10 + 5 = 15","service":"calculator-microservice"}
{"level":"info","message":"Calculator microservice running on http://localhost:3000","service":"calculator-microservice"}
{"level":"info","message":"Request received: GET /","service":"calculator-microservice"}
{"level":"info","message":"Request received: GET /add?num1=10&num2=5","service":"calculator-microservice"}
{"level":"info","message":"Addition: 10 + 5 = 15","service":"calculator-microservice"}
{"level":"info","message":"Request received: GET /favicon.ico","service":"calculator-microservice"}
{"level":"info","message":"Request received: GET /subtract?num1=10&num2=5","service":"calculator-microservice"}
{"level":"info","message":"Subtraction: 10 - 5 = 5","service":"calculator-microservice"}
{"level":"info","message":"Request received: GET /multiply?num1=10&num2=5","service":"calculator-microservice"}
{"level":"info","message":"Multiplication: 10 * 5 = 50","service":"calculator-microservice"}
{"level":"info","message":"Request received: GET /divide?num1=10&num2=5","service":"calculator-microservice"}
{"level":"info","message":"Division: 10 / 5 = 2","service":"calculator-microservice"}
{"level":"info","message":"Request received: GET /","service":"calculator-microservice"}
{"level":"info","message":"Request received: GET /power?num1=2&num2=3","service":"calculator-microservice"}
{"level":"info","message":"Exponentiation: 2 ^ 3 = 8","service":"calculator-microservice"}
{"level":"info","message":"Request received: GET /sqrt?num1=25","service":"calculator-microservice"}
{"level":"info","message":"Square Root: √25 = 5","service":"calculator-microservice"}
{"level":"info","message":"Request received: GET /modulo?num1=10&num2=3","service":"calculator-microservice"}
{"level":"info","message":"Modulo: 10 % 3 = 1","service":"calculator-microservice"}
{"level":"info","message":"Request received: GET /","service":"calculator-microservice"}
{"level":"info","message":"Request received: GET /add?num1=10&num2=5","service":"calculator-microservice"}
{"level":"info","message":"Addition: 10 + 5 = 15","service":"calculator-microservice"}
{"level":"info","message":"Request received: GET /favicon.ico","service":"calculator-microservice"}
{"level":"info","message":"Request received: GET /add?num1=10&num2=55","service":"calculator-microservice"}
{"level":"info","message":"Addition: 10 + 55 = 65","service":"calculator-microservice"}
{"level":"info","message":"Request received: GET /add?num1=5&num2=5","service":"calculator-microservice"}
{"level":"info","message":"Addition: 5 + 5 = 10","service":"calculator-microservice"}
{"level":"info","message":"Request received: GET /add?num1=5&num2=54","service":"calculator-microservice"}
{"level":"info","message":"Addition: 5 + 54 = 59","service":"calculator-microservice"}
{"level":"info","message":"Request received: GET /subtract?num1=5&num2=54","service":"calculator-microservice"}
{"level":"info","message":"Subtraction: 5 - 54 = -49","service":"calculator-microservice"}
{"level":"info","message":"Request received: GET /multiply?num1=5&num2=54","service":"calculator-microservice"}
{"level":"info","message":"Multiplication: 5 * 54 = 270","service":"calculator-microservice"}
{"level":"info","message":"Request received: GET /divide?num1=5&num2=54","service":"calculator-microservice"}
{"level":"info","message":"Division: 5 / 54 = 0.09259259259259259","service":"calculator-microservice"}
{"level":"info","message":"Request received: GET /power?num1=5&num2=54","service":"calculator-microservice"}
{"level":"info","message":"Exponentiation: 5 ^ 54 = 5.551115123125783e+37","service":"calculator-microservice"}
{"level":"info","message":"Request received: GET /modulo?num1=5&num2=54","service":"calculator-microservice"}
{"level":"info","message":"Modulo: 5 % 54 = 5","service":"calculator-microservice"}
{"level":"info","message":"Request received: GET /sqrt?num1=5","service":"calculator-microservice"}
{"level":"info","message":"Square Root: √5 = 2.23606797749979","service":"calculator-microservice"}
